[INFO] Job ID: 4703105
[INFO] Node: uc2n909.localdomain
[INFO] CUDA_VISIBLE_DEVICES=0
Thu May 14 21:26:02 2026       
+-----------------------------------------------------------------------------------------+
| NVIDIA-SMI 570.195.03             Driver Version: 570.195.03     CUDA Version: 12.8     |
|-----------------------------------------+------------------------+----------------------+
| GPU  Name                 Persistence-M | Bus-Id          Disp.A | Volatile Uncorr. ECC |
| Fan  Temp   Perf          Pwr:Usage/Cap |           Memory-Usage | GPU-Util  Compute M. |
|                                         |                        |               MIG M. |
|=========================================+========================+======================|
|   0  NVIDIA A100 80GB PCIe          On  |   00000000:19:00.0 Off |                    0 |
| N/A   38C    P0             55W /  300W |      23MiB /  81920MiB |      0%      Default |
|                                         |                        |             Disabled |
+-----------------------------------------+------------------------+----------------------+
                                                                                         
+-----------------------------------------------------------------------------------------+
| Processes:                                                                              |
|  GPU   GI   CI              PID   Type   Process name                        GPU Memory |
|        ID   ID                                                               Usage      |
|=========================================================================================|
|    0   N/A  N/A            2958      G   /usr/libexec/Xorg                        17MiB |
+-----------------------------------------------------------------------------------------+
==> Running module_b
==> Running module_c
==> Running module_d
[INFO] Shared Module 0-D job complete.

============================= JOB FEEDBACK =============================

NodeName=uc2n909
Job ID: 4703105
Cluster: uc3
User/Group: hd_ur228/hd_hd
State: COMPLETED (exit code 0)
Nodes: 1
Cores per node: 32
CPU Utilized: 01:54:48
CPU Efficiency: 0.80% of 9-21:48:48 core-walltime
Job Wall-clock time: 07:25:54
Memory Utilized: 10.39 GB
Memory Efficiency: 8.34% of 124.51 GB (124.51 GB/node)
